M1 KILLED client=1 server=1 escape-spelt repeat admitted (only a verbatim repeat refused) :: TestClientRefusesDuplicateMembers/hello/envelope-contract-escaped TestClientRefusesDuplicateMembers/call/envelope-contract-escaped TestClientRefusesDuplicateMembers/hello/envelope-ok-escaped TestClientRefusesDuplicateMembers/call/envelope-ok-escaped TestClientRefusesDuplicateMembers/hello/error-code-escaped TestClientRefusesDuplicateMembers/call/error-code-escaped 
M2 KILLED client=1 server=0 repeat of ok admitted (every other name refused) :: TestClientRefusesDuplicateMembers/hello/envelope-ok TestClientRefusesDuplicateMembers/call/envelope-ok TestClientRefusesDuplicateMembers/hello/envelope-ok-escaped TestClientRefusesDuplicateMembers/call/envelope-ok-escaped 
M3 KILLED client=1 server=0 nested error object read through a map (envelope still token-read) :: TestClientRefusesDuplicateMembers/hello/error-code TestClientRefusesDuplicateMembers/call/error-code TestClientRefusesDuplicateMembers/hello/error-code-escaped TestClientRefusesDuplicateMembers/call/error-code-escaped 
M4 KILLED client=1 server=0 results (hello and op) read through a map (envelope still token-read) :: TestClientRefusesDuplicateMembers/call/describe-label TestClientRefusesDuplicateMembers/hello/hello-fingerprint TestClientRefusesDuplicateMembers/hello/hello-tool TestClientRefusesDuplicateMembers/hello/hello-tool-escaped TestClientRefusesDuplicateMembers/call/pub-fingerprint TestClientRefusesDuplicateMembers/call/pub-fingerprint-escaped 
M5 KILLED client=0 server=1 server request read through a map (client untouched) :: TestSignerServeGoldenWire/signer 
M6 KILLED client=1 server=0 data after the object admitted :: 
M7 KILLED client=1 server=0 fingerprint not bound to the hello (label still is) :: TestClientRefusesResultNotBoundToRequestOrHello/describe-fingerprint-foreign TestClientRefusesResultNotBoundToRequestOrHello/pub-fingerprint-foreign TestClientRefusesResultNotBoundToRequestOrHello/sign-fingerprint-foreign TestClientRefusesResultNotBoundToRequestOrHello/verify-fingerprint-foreign 
M8 KILLED client=1 server=0 sign: signature not verified under the attested key (shape and low-S still checked) :: TestClientRefusesResultNotBoundToRequestOrHello/sign-signature-foreign-key TestClientRefusesResultNotBoundToRequestOrHello/sign-signature-other-digest 
M9 KILLED client=1 server=0 sign: digest not bound to the request :: TestClientRefusesResultNotBoundToRequestOrHello/sign-digest-other 
M10 KILLED client=1 server=0 verify: verdict not re-derived with crypto/ecdsa :: TestClientRefusesResultNotBoundToRequestOrHello/verify-false-on-valid TestClientRefusesResultNotBoundToRequestOrHello/verify-true-on-tampered 
M11 KILLED client=1 server=0 verify: high_s_allowed not bound to the request :: TestClientRefusesResultNotBoundToRequestOrHello/verify-high-s-allowed-flipped 
M12 KILLED client=1 server=0 pub: the encoding is parsed but not fingerprinted against the hello :: TestClientRefusesResultNotBoundToRequestOrHello/pub-der-foreign-key TestClientRefusesResultNotBoundToRequestOrHello/pub-pem-foreign-key 
M13 KILLED client=1 server=0 describe result not validated (other ops still are) :: TestClientRefusesDuplicateMembers/call/describe-label TestClientRefusesResultNotBoundToRequestOrHello/describe-exposure-missing TestClientRefusesResultNotBoundToRequestOrHello/describe-findings-missing TestClientRefusesResultNotBoundToRequestOrHello/describe-fingerprint-foreign TestClientRefusesResultNotBoundToRequestOrHello/describe-fingerprint-null TestClientRefusesResultNotBoundToRequestOrHello/describe-label-foreign 
M14 KILLED client=1 server=0 sign result validated but its verdict ignored :: TestClientRefusesDuplicateMembers/call/sign-digest TestClientRefusesDuplicateMembers/call/sign-signature-escaped TestClientRefusesResultNotBoundToRequestOrHello/sign-digest-other TestClientRefusesResultNotBoundToRequestOrHello/sign-extra-member TestClientRefusesResultNotBoundToRequestOrHello/sign-fingerprint-foreign TestClientRefusesResultNotBoundToRequestOrHello/sign-format-raw-for-der 
M15 KILLED client=1 server=0 verify: a result next to an undocumented refusal admitted :: TestClientRefusesResultNotBoundToRequestOrHello/verify-result-on-not-found 
M16 KILLED client=1 server=0 undefined result members admitted (presence and binding still checked) :: TestClientRefusesResultNotBoundToRequestOrHello/pub-both-encodings TestClientRefusesResultNotBoundToRequestOrHello/pub-extra-member TestClientRefusesResultNotBoundToRequestOrHello/sign-extra-member TestClientRefusesResultNotBoundToRequestOrHello/verify-extra-member TestClientRefusesResultNotBoundToRequestOrHello/verify-label-on-high-s 
M17 KILLED client=1 server=0 verify: low_s claim not checked against the signature :: TestClientRefusesResultNotBoundToRequestOrHello/verify-low-s-flipped 
M18 KILLED client=1 server=0 Call runs checkResult only on refusals (ok results pass unjudged) :: TestClientRefusesDuplicateMembers/call/describe-label TestClientRefusesDuplicateMembers/call/pub-fingerprint TestClientRefusesDuplicateMembers/call/pub-fingerprint-escaped TestClientRefusesDuplicateMembers/call/sign-digest TestClientRefusesDuplicateMembers/call/sign-signature-escaped TestClientRefusesResultNotBoundToRequestOrHello/describe-exposure-missing 
?? internal/keyvault/signer.go
?? internal/keyvault/signerclient/client.go
?? internal/keyvault/signerclient/envelope.go
?? internal/keyvault/signerclient/object.go
?? internal/keyvault/signerclient/result.go
